OMPL version 1.6.0
Experiment CCRRT_vs_RRT
0 experiment properties
Running on a08df825b738
Starting at 2025-05-07 16:36:42
<<<|
Properties of the state space 'RealVectorSpace0'
  - signature: 2 1 2 
  - dimension: 2
  - extent: 28.2843
  - sanity checks for state space passed
  - probability of valid states: 0.944
  - average length of a valid motion: 5.6604
  - average number of samples drawn per second: sampleUniform()=5.56979e+07 sampleUniformNear()=6.01142e+07 sampleGaussian()=2.80733e+07
Settings for the state space 'RealVectorSpace0'
  - state validity check resolution: 2%
  - valid segment count factor: 1
  - state space:
Real vector state space 'RealVectorSpace0' of dimension 2 with bounds: 
  - min: -10 -10 
  - max: 10 10 

Declared parameters:
longest_valid_segment_fraction = 0.02
max_control_duration = 10
min_control_duration = 1
projection.cellsize.0 = 1
projection.cellsize.1 = 1
projection.cellsize_factor = 0
propagation_step_size = 0.1
valid_segment_count_factor = 1
Valid state sampler named uniform with parameters:
nr_attempts = 100
  - control space:
Real vector control space 'RealVectorControl[RealVectorSpace0]' with bounds: 
  - min: -2 -2 
  - max: 2 2 
  - can propagate backward: yes
  - propagation step size: 0.1
  - propagation duration: [1, 10]
Planner RRT specs:
Multithreaded:                 No
Reports approximate solutions: Yes
Can optimize solutions:        No
Aware of the following parameters: goal_bias intermediate_states
Declared parameters for planner RRT:
goal_bias = 0.05
intermediate_states = 0
Start states:
RealVectorState [-8 -8]
Goal state, threshold = 0.25, memory address = 0x55a6c9a6a1d0, state = 
RealVectorState [0 0]
OptimizationObjective = nullptr
There are 0 solutions

Properties of benchmarked planners:
Planner RRT specs:
Multithreaded:                 No
Reports approximate solutions: Yes
Can optimize solutions:        No
Aware of the following parameters: goal_bias intermediate_states
Planner CCRRT_psafe_0.500000 specs:
Multithreaded:                 No
Reports approximate solutions: Yes
Can optimize solutions:        No
Aware of the following parameters: goal_bias intermediate_states
Planner CCRRT_psafe_0.700000 specs:
Multithreaded:                 No
Reports approximate solutions: Yes
Can optimize solutions:        No
Aware of the following parameters: goal_bias intermediate_states
Planner CCRRT_psafe_0.900000 specs:
Multithreaded:                 No
Reports approximate solutions: Yes
Can optimize solutions:        No
Aware of the following parameters: goal_bias intermediate_states
Planner CCRRT_psafe_0.950000 specs:
Multithreaded:                 No
Reports approximate solutions: Yes
Can optimize solutions:        No
Aware of the following parameters: goal_bias intermediate_states
Planner CCRRT_psafe_0.990000 specs:
Multithreaded:                 No
Reports approximate solutions: Yes
Can optimize solutions:        No
Aware of the following parameters: goal_bias intermediate_states
|>>>
<<<|
Architecture:                         x86_64
CPU op-mode(s):                       32-bit, 64-bit
Address sizes:                        39 bits physical, 48 bits virtual
Byte Order:                           Little Endian
CPU(s):                               32
On-line CPU(s) list:                  0-31
Vendor ID:                            GenuineIntel
Model name:                           Intel(R) Core(TM) i9-14900HX
CPU family:                           6
Model:                                183
Thread(s) per core:                   2
Core(s) per socket:                   16
Socket(s):                            1
Stepping:                             1
BogoMIPS:                             4838.40
Flags:                                fpu vme de pse tsc msr pae mce cx8 apic sep mtrr pge mca cmov pat pse36 clflush mmx fxsr sse sse2 ss ht syscall nx pdpe1gb rdtscp lm constant_tsc rep_good nopl xtopology tsc_reliable nonstop_tsc cpuid pni pclmulqdq vmx ssse3 fma cx16 pcid sse4_1 sse4_2 x2apic movbe popcnt tsc_deadline_timer aes xsave avx f16c rdrand hypervisor lahf_lm abm 3dnowprefetch invpcid_single ssbd ibrs ibpb stibp ibrs_enhanced tpr_shadow vnmi ept vpid ept_ad fsgsbase tsc_adjust bmi1 avx2 smep bmi2 erms invpcid rdseed adx smap clflushopt clwb sha_ni xsaveopt xsavec xgetbv1 xsaves avx_vnni umip waitpkg gfni vaes vpclmulqdq rdpid movdiri movdir64b fsrm md_clear serialize flush_l1d arch_capabilities
Virtualization:                       VT-x
Hypervisor vendor:                    Microsoft
Virtualization type:                  full
L1d cache:                            768 KiB (16 instances)
L1i cache:                            512 KiB (16 instances)
L2 cache:                             32 MiB (16 instances)
L3 cache:                             36 MiB (1 instance)
Vulnerability Gather data sampling:   Not affected
Vulnerability Itlb multihit:          Not affected
Vulnerability L1tf:                   Not affected
Vulnerability Mds:                    Not affected
Vulnerability Meltdown:               Not affected
Vulnerability Mmio stale data:        Not affected
Vulnerability Reg file data sampling: Mitigation; Clear Register File
Vulnerability Retbleed:               Mitigation; Enhanced IBRS
Vulnerability Spec rstack overflow:   Not affected
Vulnerability Spec store bypass:      Mitigation; Speculative Store Bypass disabled via prctl and seccomp
Vulnerability Spectre v1:             Mitigation; usercopy/swapgs barriers and __user pointer sanitization
Vulnerability Spectre v2:             Mitigation; Enhanced / Automatic IBRS; IBPB conditional; RSB filling; PBRSB-eIBRS SW sequence; BHI BHI_DIS_S
Vulnerability Srbds:                  Not affected
Vulnerability Tsx async abort:        Not affected
|>>>
10970007836720376 is the random seed
60 seconds per run
2048 MB per run
10 runs per planner
127.474 seconds spent to collect the data
1 enum type
status|Unknown status|Invalid start|Invalid goal|Unrecognized goal type|Timeout|Approximate solution|Exact solution|Crash|Unknown status|Unknown status
6 planners
control_RRT
10 common properties
goal_bias = 0.1
intermediate_states = 0
longest_valid_segment_fraction = 0.02
max_control_duration = 10
min_control_duration = 1
projection.cellsize.0 = 1
projection.cellsize.1 = 1
projection.cellsize_factor = 0
propagation_step_size = 0.1
valid_segment_count_factor = 1
13 properties for each run
approximate solution BOOLEAN
correct solution BOOLEAN
graph motions INTEGER
graph states INTEGER
memory REAL
solution clearance REAL
solution difference REAL
solution length REAL
solution segments INTEGER
solved BOOLEAN
status ENUM
time REAL
valid segment fraction REAL
10 runs
0; 1; 30274; 30275; 45.5586; 0; 0; 24.5; 55; 1; 6; 4.35344; 0; 
0; 1; 249; 250; 52.9219; 0; 0; 21.1; 50; 1; 6; 0.0353794; 0; 
0; 1; 3348; 3349; 52.9219; 0; 0; 25.4; 53; 1; 6; 0.464804; 0; 
0; 1; 92160; 92161; 154.496; 0; 0; 21.5; 54; 1; 6; 13.6038; 0; 
0; 1; 497; 498; 177.367; 0; 0; 20.9; 49; 1; 6; 0.104566; 0; 
0; 1; 85421; 85422; 240.012; 0; 0; 22.8; 50; 1; 6; 12.7317; 0; 
0; 1; 626; 627; 268.105; 0; 0; 22.8; 44; 1; 6; 0.118009; 0; 
0; 1; 844; 845; 268.105; 0; 0; 23.8; 51; 1; 6; 0.120506; 0; 
0; 1; 166; 167; 268.105; 0; 0; 14.9; 29; 1; 6; 0.0246061; 0; 
0; 1; 2660; 2661; 268.105; 0; 0; 25.7; 63; 1; 6; 0.389746; 0; 
.
control_CCRRT_psafe_0.500000
10 common properties
goal_bias = 0.1
intermediate_states = 0
longest_valid_segment_fraction = 0.02
max_control_duration = 10
min_control_duration = 1
projection.cellsize.0 = 1
projection.cellsize.1 = 1
projection.cellsize_factor = 0
propagation_step_size = 0.1
valid_segment_count_factor = 1
13 properties for each run
approximate solution BOOLEAN
correct solution BOOLEAN
graph motions INTEGER
graph states INTEGER
memory REAL
solution clearance REAL
solution difference REAL
solution length REAL
solution segments INTEGER
solved BOOLEAN
status ENUM
time REAL
valid segment fraction REAL
10 runs
0; 1; 272; 273; 268.105; 0; 0; 22; 48; 1; 6; 0.0472131; 0; 
0; 1; 371; 372; 268.105; 0; 0; 19.5; 44; 1; 6; 0.0527525; 0; 
0; 1; 932; 933; 268.105; 0; 0; 25; 56; 1; 6; 0.131169; 0; 
0; 1; 26777; 26778; 268.105; 0; 0; 24.7; 57; 1; 6; 3.9584; 0; 
0; 1; 221; 222; 270.941; 0; 0; 18; 36; 1; 6; 0.0399612; 0; 
0; 1; 289; 290; 270.941; 0; 0; 15.6; 39; 1; 6; 0.0415572; 0; 
0; 1; 50706; 50707; 317.332; 0; 0; 25.8; 62; 1; 6; 7.54914; 0; 
0; 1; 52880; 52881; 370.633; 0; 0; 24.1; 45; 1; 6; 7.84913; 0; 
0; 1; 19708; 19709; 387.551; 0; 0; 25; 52; 1; 6; 2.92355; 0; 
0; 1; 329; 330; 390.387; 0; 0; 18.8; 35; 1; 6; 0.054101; 0; 
.
control_CCRRT_psafe_0.700000
10 common properties
goal_bias = 0.1
intermediate_states = 0
longest_valid_segment_fraction = 0.02
max_control_duration = 10
min_control_duration = 1
projection.cellsize.0 = 1
projection.cellsize.1 = 1
projection.cellsize_factor = 0
propagation_step_size = 0.1
valid_segment_count_factor = 1
13 properties for each run
approximate solution BOOLEAN
correct solution BOOLEAN
graph motions INTEGER
graph states INTEGER
memory REAL
solution clearance REAL
solution difference REAL
solution length REAL
solution segments INTEGER
solved BOOLEAN
status ENUM
time REAL
valid segment fraction REAL
10 runs
0; 1; 416; 417; 390.387; 0; 0; 24.3; 45; 1; 6; 0.0652739; 0; 
0; 1; 486; 487; 390.387; 0; 0; 24; 58; 1; 6; 0.0798044; 0; 
0; 1; 247; 248; 390.387; 0; 0; 19.9; 42; 1; 6; 0.0413314; 0; 
0; 1; 15728; 15729; 400.441; 0; 0; 23.5; 54; 1; 6; 2.29714; 0; 
0; 1; 11240; 11241; 410.754; 0; 0; 21; 48; 1; 6; 1.63113; 0; 
0; 1; 481; 482; 414.105; 0; 0; 20.6; 45; 1; 6; 0.0709573; 0; 
0; 1; 394; 395; 414.105; 0; 0; 19.8; 48; 1; 6; 0.0536867; 0; 
0; 1; 75337; 75338; 499.68; 0; 0; 15.5; 37; 1; 6; 11.3078; 0; 
0; 1; 383; 384; 525.008; 0; 0; 18.3; 51; 1; 6; 0.0869621; 0; 
0; 1; 635; 636; 525.008; 0; 0; 21.2; 49; 1; 6; 0.0999469; 0; 
.
control_CCRRT_psafe_0.900000
10 common properties
goal_bias = 0.1
intermediate_states = 0
longest_valid_segment_fraction = 0.02
max_control_duration = 10
min_control_duration = 1
projection.cellsize.0 = 1
projection.cellsize.1 = 1
projection.cellsize_factor = 0
propagation_step_size = 0.1
valid_segment_count_factor = 1
13 properties for each run
approximate solution BOOLEAN
correct solution BOOLEAN
graph motions INTEGER
graph states INTEGER
memory REAL
solution clearance REAL
solution difference REAL
solution length REAL
solution segments INTEGER
solved BOOLEAN
status ENUM
time REAL
valid segment fraction REAL
10 runs
0; 1; 752; 753; 525.008; 0; 0; 21.3; 48; 1; 6; 0.119905; 0; 
0; 1; 516; 517; 525.008; 0; 0; 22.3; 58; 1; 6; 0.0805628; 0; 
0; 1; 11496; 11497; 525.008; 0; 0; 19.3; 43; 1; 6; 1.69781; 0; 
0; 1; 3297; 3298; 525.008; 0; 0; 24.6; 63; 1; 6; 0.500487; 0; 
0; 1; 11637; 11638; 525.008; 0; 0; 9.5; 24; 1; 6; 1.70138; 0; 
0; 1; 419; 420; 525.008; 0; 0; 18.2; 35; 1; 6; 0.0752846; 0; 
0; 1; 572; 573; 525.008; 0; 0; 22.7; 45; 1; 6; 0.0789449; 0; 
0; 1; 168; 169; 525.008; 0; 0; 18; 38; 1; 6; 0.0218654; 0; 
0; 1; 357; 358; 525.008; 0; 0; 20.2; 42; 1; 6; 0.0548134; 0; 
0; 1; 339; 340; 525.008; 0; 0; 18.8; 45; 1; 6; 0.0478274; 0; 
.
control_CCRRT_psafe_0.950000
10 common properties
goal_bias = 0.1
intermediate_states = 0
longest_valid_segment_fraction = 0.02
max_control_duration = 10
min_control_duration = 1
projection.cellsize.0 = 1
projection.cellsize.1 = 1
projection.cellsize_factor = 0
propagation_step_size = 0.1
valid_segment_count_factor = 1
13 properties for each run
approximate solution BOOLEAN
correct solution BOOLEAN
graph motions INTEGER
graph states INTEGER
memory REAL
solution clearance REAL
solution difference REAL
solution length REAL
solution segments INTEGER
solved BOOLEAN
status ENUM
time REAL
valid segment fraction REAL
10 runs
0; 1; 780; 781; 525.008; 0; 0; 24.3; 47; 1; 6; 0.111399; 0; 
0; 1; 349; 350; 525.008; 0; 0; 22.4; 46; 1; 6; 0.0493849; 0; 
0; 1; 30298; 30299; 553.27; 0; 0; 20.8; 59; 1; 6; 4.5081; 0; 
0; 1; 39108; 39109; 594.242; 0; 0; 22.3; 52; 1; 6; 5.86695; 0; 
0; 1; 5499; 5500; 606.809; 0; 0; 24.1; 57; 1; 6; 1.00158; 0; 
0; 1; 440; 441; 606.809; 0; 0; 24; 56; 1; 6; 0.0685942; 0; 
0; 1; 256; 257; 606.809; 0; 0; 21.8; 42; 1; 6; 0.0371797; 0; 
0; 1; 4113; 4114; 606.809; 0; 0; 23.3; 54; 1; 6; 0.598575; 0; 
0; 1; 135385; 135386; 762.754; 0; 0; 20.1; 52; 1; 6; 20.7828; 0; 
0; 1; 24161; 24162; 802.988; 0; 0; 25.2; 52; 1; 6; 3.65884; 0; 
.
control_CCRRT_psafe_0.990000
10 common properties
goal_bias = 0.1
intermediate_states = 0
longest_valid_segment_fraction = 0.02
max_control_duration = 10
min_control_duration = 1
projection.cellsize.0 = 1
projection.cellsize.1 = 1
projection.cellsize_factor = 0
propagation_step_size = 0.1
valid_segment_count_factor = 1
13 properties for each run
approximate solution BOOLEAN
correct solution BOOLEAN
graph motions INTEGER
graph states INTEGER
memory REAL
solution clearance REAL
solution difference REAL
solution length REAL
solution segments INTEGER
solved BOOLEAN
status ENUM
time REAL
valid segment fraction REAL
10 runs
0; 1; 779; 780; 802.988; 0; 0; 24.4; 62; 1; 6; 0.126875; 0; 
0; 1; 27761; 27762; 802.988; 0; 0; 24.1; 54; 1; 6; 4.12589; 0; 
0; 1; 294; 295; 806.316; 0; 0; 19.5; 49; 1; 6; 0.0532998; 0; 
0; 1; 477; 478; 806.316; 0; 0; 22.2; 51; 1; 6; 0.0752939; 0; 
0; 1; 121; 122; 806.316; 0; 0; 18.1; 35; 1; 6; 0.017817; 0; 
0; 1; 635; 636; 806.316; 0; 0; 23.2; 54; 1; 6; 0.101489; 0; 
0; 1; 56137; 56138; 857.355; 0; 0; 17.2; 46; 1; 6; 8.48186; 0; 
0; 1; 6219; 6220; 874.562; 0; 0; 23.6; 53; 1; 6; 0.921928; 0; 
0; 1; 286; 287; 874.562; 0; 0; 21.5; 53; 1; 6; 0.0397017; 0; 
0; 1; 772; 773; 874.562; 0; 0; 24.2; 54; 1; 6; 0.11835; 0; 
.
